Archive member included to satisfy reference by file (symbol)

/usr/lib/gcc/avr/4.9.2/avr51/libgcc.a(_divmodhi4.o)
                              hd44780.o (__divmodhi4)
/usr/lib/gcc/avr/4.9.2/avr51/libgcc.a(_divmodsi4.o)
                              hd44780.o (__divmodsi4)
/usr/lib/gcc/avr/4.9.2/avr51/libgcc.a(_negsi2.o)
                              /usr/lib/gcc/avr/4.9.2/avr51/libgcc.a(_divmodsi4.o) (__negsi2)
/usr/lib/gcc/avr/4.9.2/avr51/libgcc.a(_exit.o)
                              /usr/lib/gcc/avr/4.9.2/../../../avr/lib/avr51/crtatmega128.o (exit)
/usr/lib/gcc/avr/4.9.2/avr51/libgcc.a(_tablejump2.o)
                              lab4.o (__tablejump2__)
/usr/lib/gcc/avr/4.9.2/avr51/libgcc.a(_copy_data.o)
                              lab4.o (__do_copy_data)
/usr/lib/gcc/avr/4.9.2/avr51/libgcc.a(_clear_bss.o)
                              lab4.o (__do_clear_bss)
/usr/lib/gcc/avr/4.9.2/avr51/libgcc.a(_umulhisi3.o)
                              lab4.o (__umulhisi3)
/usr/lib/gcc/avr/4.9.2/avr51/libgcc.a(_udivmodhi4.o)
                              /usr/lib/gcc/avr/4.9.2/avr51/libgcc.a(_divmodhi4.o) (__udivmodhi4)
/usr/lib/gcc/avr/4.9.2/avr51/libgcc.a(_udivmodsi4.o)
                              /usr/lib/gcc/avr/4.9.2/avr51/libgcc.a(_divmodsi4.o) (__udivmodsi4)
/usr/lib/gcc/avr/4.9.2/../../../avr/lib/avr51/libc.a(strcat.o)
                              lab4.o (strcat)
/usr/lib/gcc/avr/4.9.2/../../../avr/lib/avr51/libc.a(strcpy.o)
                              lab4.o (strcpy)
/usr/lib/gcc/avr/4.9.2/../../../avr/lib/avr51/libc.a(itoa_ncheck.o)
                              lab4.o (__itoa_ncheck)
/usr/lib/gcc/avr/4.9.2/../../../avr/lib/avr51/libc.a(utoa_ncheck.o)
                              /usr/lib/gcc/avr/4.9.2/../../../avr/lib/avr51/libc.a(itoa_ncheck.o) (__utoa_common)
/usr/lib/gcc/avr/4.9.2/../../../avr/lib/avr51/libc.a(strrev.o)
                              /usr/lib/gcc/avr/4.9.2/../../../avr/lib/avr51/libc.a(utoa_ncheck.o) (strrev)

Allocating common symbols
Common symbol       size              file

notes               0x1               lab4.o
song                0x1               lab4.o
lcd_string_array    0x20              lab4.o
max_beat            0x2               lab4.o
beat                0x2               lab4.o
lcd_str             0x10              hd44780.o
lcd_str_hour        0x10              lab4.o
lcd_str_minutes     0x10              lab4.o

Memory Configuration

Name             Origin             Length             Attributes
text             0x0000000000000000 0x0000000000020000 xr
data             0x0000000000800100 0x000000000000ff00 rw !x
eeprom           0x0000000000810000 0x0000000000010000 rw !x
fuse             0x0000000000820000 0x0000000000000400 rw !x
lock             0x0000000000830000 0x0000000000000400 rw !x
signature        0x0000000000840000 0x0000000000000400 rw !x
user_signatures  0x0000000000850000 0x0000000000000400 rw !x
*default*        0x0000000000000000 0xffffffffffffffff

Linker script and memory map

Address of section .data set to 0x800100
LOAD /usr/lib/gcc/avr/4.9.2/../../../avr/lib/avr51/crtatmega128.o
LOAD lab4.o
LOAD hd44780.o
START GROUP
LOAD /usr/lib/gcc/avr/4.9.2/avr51/libgcc.a
LOAD /usr/lib/gcc/avr/4.9.2/../../../avr/lib/avr51/libm.a
LOAD /usr/lib/gcc/avr/4.9.2/../../../avr/lib/avr51/libc.a
LOAD /usr/lib/gcc/avr/4.9.2/../../../avr/lib/avr51/libatmega128.a
END GROUP

.hash
 *(.hash)

.dynsym
 *(.dynsym)

.dynstr
 *(.dynstr)

.gnu.version
 *(.gnu.version)

.gnu.version_d
 *(.gnu.version_d)

.gnu.version_r
 *(.gnu.version_r)

.rel.init
 *(.rel.init)

.rela.init
 *(.rela.init)

.rel.text
 *(.rel.text)
 *(.rel.text.*)
 *(.rel.gnu.linkonce.t*)

.rela.text
 *(.rela.text)
 *(.rela.text.*)
 *(.rela.gnu.linkonce.t*)

.rel.fini
 *(.rel.fini)

.rela.fini
 *(.rela.fini)

.rel.rodata
 *(.rel.rodata)
 *(.rel.rodata.*)
 *(.rel.gnu.linkonce.r*)

.rela.rodata
 *(.rela.rodata)
 *(.rela.rodata.*)
 *(.rela.gnu.linkonce.r*)

.rel.data
 *(.rel.data)
 *(.rel.data.*)
 *(.rel.gnu.linkonce.d*)

.rela.data
 *(.rela.data)
 *(.rela.data.*)
 *(.rela.gnu.linkonce.d*)

.rel.ctors
 *(.rel.ctors)

.rela.ctors
 *(.rela.ctors)

.rel.dtors
 *(.rel.dtors)

.rela.dtors
 *(.rela.dtors)

.rel.got
 *(.rel.got)

.rela.got
 *(.rela.got)

.rel.bss
 *(.rel.bss)

.rela.bss
 *(.rela.bss)

.rel.plt
 *(.rel.plt)

.rela.plt
 *(.rela.plt)

.text           0x0000000000000000     0x193e
 *(.vectors)
 .vectors       0x0000000000000000       0x8c /usr/lib/gcc/avr/4.9.2/../../../avr/lib/avr51/crtatmega128.o
                0x0000000000000000                __vectors
                0x0000000000000000                __vector_default
 *(.vectors)
 *(.progmem.gcc*)
 .progmem.gcc_sw_table
                0x000000000000008c      0x12a lab4.o
                0x00000000000001b6                . = ALIGN (0x2)
                0x00000000000001b6                __trampolines_start = .
 *(.trampolines)
 .trampolines   0x00000000000001b6        0x0 linker stubs
 *(.trampolines*)
                0x00000000000001b6                __trampolines_end = .
 *(.progmem*)
                0x00000000000001b6                . = ALIGN (0x2)
 *(.jumptables)
 *(.jumptables*)
 *(.lowtext)
 *(.lowtext*)
                0x00000000000001b6                __ctors_start = .
 *(.ctors)
                0x00000000000001b6                __ctors_end = .
                0x00000000000001b6                __dtors_start = .
 *(.dtors)
                0x00000000000001b6                __dtors_end = .
 SORT(*)(.ctors)
 SORT(*)(.dtors)
 *(.init0)
 .init0         0x00000000000001b6        0x0 /usr/lib/gcc/avr/4.9.2/../../../avr/lib/avr51/crtatmega128.o
                0x00000000000001b6                __init
 *(.init0)
 *(.init1)
 *(.init1)
 *(.init2)
 .init2         0x00000000000001b6        0xc /usr/lib/gcc/avr/4.9.2/../../../avr/lib/avr51/crtatmega128.o
 *(.init2)
 *(.init3)
 *(.init3)
 *(.init4)
 .init4         0x00000000000001c2       0x1a /usr/lib/gcc/avr/4.9.2/avr51/libgcc.a(_copy_data.o)
                0x00000000000001c2                __do_copy_data
 .init4         0x00000000000001dc       0x10 /usr/lib/gcc/avr/4.9.2/avr51/libgcc.a(_clear_bss.o)
                0x00000000000001dc                __do_clear_bss
 *(.init4)
 *(.init5)
 *(.init5)
 *(.init6)
 *(.init6)
 *(.init7)
 *(.init7)
 *(.init8)
 *(.init8)
 *(.init9)
 .init9         0x00000000000001ec        0x8 /usr/lib/gcc/avr/4.9.2/../../../avr/lib/avr51/crtatmega128.o
 *(.init9)
 *(.text)
 .text          0x00000000000001f4        0x4 /usr/lib/gcc/avr/4.9.2/../../../avr/lib/avr51/crtatmega128.o
                0x00000000000001f4                __vector_22
                0x00000000000001f4                __vector_28
                0x00000000000001f4                __vector_1
                0x00000000000001f4                __vector_32
                0x00000000000001f4                __vector_34
                0x00000000000001f4                __vector_24
                0x00000000000001f4                __bad_interrupt
                0x00000000000001f4                __vector_6
                0x00000000000001f4                __vector_31
                0x00000000000001f4                __vector_3
                0x00000000000001f4                __vector_23
                0x00000000000001f4                __vector_30
                0x00000000000001f4                __vector_25
                0x00000000000001f4                __vector_11
                0x00000000000001f4                __vector_13
                0x00000000000001f4                __vector_17
                0x00000000000001f4                __vector_19
                0x00000000000001f4                __vector_7
                0x00000000000001f4                __vector_27
                0x00000000000001f4                __vector_5
                0x00000000000001f4                __vector_33
                0x00000000000001f4                __vector_4
                0x00000000000001f4                __vector_9
                0x00000000000001f4                __vector_2
                0x00000000000001f4                __vector_21
                0x00000000000001f4                __vector_15
                0x00000000000001f4                __vector_29
                0x00000000000001f4                __vector_8
                0x00000000000001f4                __vector_26
                0x00000000000001f4                __vector_14
                0x00000000000001f4                __vector_10
                0x00000000000001f4                __vector_18
                0x00000000000001f4                __vector_20
 .text          0x00000000000001f8      0xaec lab4.o
                0x00000000000001f8                play_rest
                0x000000000000020e                play_note
                0x000000000000084a                song0
                0x0000000000000a12                play_song
                0x0000000000000a1a                music_off
                0x0000000000000a28                music_on
                0x0000000000000a40                music_init
                0x0000000000000a80                __vector_12
                0x0000000000000afe                bin_to_bcd
                0x0000000000000b62                chk_buttons
                0x0000000000000ba2                segsum
                0x0000000000000be6                spi_init
                0x0000000000000c0c                tcnt0_init
                0x0000000000000c20                tcnt2_init
                0x0000000000000c2c                tcnt3_init
                0x0000000000000c52                spi_write_read
                0x0000000000000c5e                __vector_16
                0x0000000000000cd2                clear_lcd_array
 .text          0x0000000000000ce4      0x61c hd44780.o
                0x0000000000000ce4                send_lcd
                0x0000000000000d0e                refresh_lcd
                0x0000000000000d64                set_custom_character
                0x0000000000000dc6                set_cursor
                0x0000000000000dd6                uint2lcd
                0x0000000000000e54                int2lcd
                0x0000000000000e7c                cursor_on
                0x0000000000000e84                cursor_off
                0x0000000000000e8c                shift_right
                0x0000000000000e94                shift_left
                0x0000000000000e9c                strobe_lcd
                0x0000000000000eae                clear_display
                0x0000000000000ec4                cursor_home
                0x0000000000000eda                line2_col1
                0x0000000000000ee2                line1_col1
                0x0000000000000eea                fill_spaces
                0x0000000000000f06                char2lcd
                0x0000000000000f0e                string2lcd
                0x0000000000000f58                lcd_init
                0x000000000000100c                lcd_int32
                0x0000000000001180                lcd_int16
 .text          0x0000000000001300        0x0 /usr/lib/gcc/avr/4.9.2/avr51/libgcc.a(_divmodhi4.o)
 .text          0x0000000000001300        0x0 /usr/lib/gcc/avr/4.9.2/avr51/libgcc.a(_divmodsi4.o)
 .text          0x0000000000001300        0x0 /usr/lib/gcc/avr/4.9.2/avr51/libgcc.a(_negsi2.o)
 .text          0x0000000000001300        0x0 /usr/lib/gcc/avr/4.9.2/avr51/libgcc.a(_exit.o)
 .text          0x0000000000001300        0x0 /usr/lib/gcc/avr/4.9.2/avr51/libgcc.a(_tablejump2.o)
 .text          0x0000000000001300        0x0 /usr/lib/gcc/avr/4.9.2/avr51/libgcc.a(_copy_data.o)
 .text          0x0000000000001300        0x0 /usr/lib/gcc/avr/4.9.2/avr51/libgcc.a(_clear_bss.o)
 .text          0x0000000000001300        0x0 /usr/lib/gcc/avr/4.9.2/avr51/libgcc.a(_umulhisi3.o)
 .text          0x0000000000001300        0x0 /usr/lib/gcc/avr/4.9.2/avr51/libgcc.a(_udivmodhi4.o)
 .text          0x0000000000001300        0x0 /usr/lib/gcc/avr/4.9.2/avr51/libgcc.a(_udivmodsi4.o)
 .text          0x0000000000001300        0x0 /usr/lib/gcc/avr/4.9.2/../../../avr/lib/avr51/libc.a(strcat.o)
 .text          0x0000000000001300        0x0 /usr/lib/gcc/avr/4.9.2/../../../avr/lib/avr51/libc.a(strcpy.o)
 .text          0x0000000000001300        0x0 /usr/lib/gcc/avr/4.9.2/../../../avr/lib/avr51/libc.a(itoa_ncheck.o)
 .text          0x0000000000001300        0x0 /usr/lib/gcc/avr/4.9.2/../../../avr/lib/avr51/libc.a(utoa_ncheck.o)
 .text          0x0000000000001300        0x0 /usr/lib/gcc/avr/4.9.2/../../../avr/lib/avr51/libc.a(strrev.o)
                0x0000000000001300                . = ALIGN (0x2)
 *(.text.*)
 .text.startup  0x0000000000001300      0x4aa lab4.o
                0x0000000000001300                main
 .text.libgcc.mul
                0x00000000000017aa        0x0 /usr/lib/gcc/avr/4.9.2/avr51/libgcc.a(_divmodhi4.o)
 .text.libgcc.div
                0x00000000000017aa       0x28 /usr/lib/gcc/avr/4.9.2/avr51/libgcc.a(_divmodhi4.o)
                0x00000000000017aa                __divmodhi4
                0x00000000000017aa                _div
 .text.libgcc   0x00000000000017d2        0x0 /usr/lib/gcc/avr/4.9.2/avr51/libgcc.a(_divmodhi4.o)
 .text.libgcc.prologue
                0x00000000000017d2        0x0 /usr/lib/gcc/avr/4.9.2/avr51/libgcc.a(_divmodhi4.o)
 .text.libgcc.builtins
                0x00000000000017d2        0x0 /usr/lib/gcc/avr/4.9.2/avr51/libgcc.a(_divmodhi4.o)
 .text.libgcc.fmul
                0x00000000000017d2        0x0 /usr/lib/gcc/avr/4.9.2/avr51/libgcc.a(_divmodhi4.o)
 .text.libgcc.fixed
                0x00000000000017d2        0x0 /usr/lib/gcc/avr/4.9.2/avr51/libgcc.a(_divmodhi4.o)
 .text.libgcc.mul
                0x00000000000017d2        0x0 /usr/lib/gcc/avr/4.9.2/avr51/libgcc.a(_divmodsi4.o)
 .text.libgcc.div
                0x00000000000017d2       0x2e /usr/lib/gcc/avr/4.9.2/avr51/libgcc.a(_divmodsi4.o)
                0x00000000000017d2                __divmodsi4
 .text.libgcc   0x0000000000001800        0x0 /usr/lib/gcc/avr/4.9.2/avr51/libgcc.a(_divmodsi4.o)
 .text.libgcc.prologue
                0x0000000000001800        0x0 /usr/lib/gcc/avr/4.9.2/avr51/libgcc.a(_divmodsi4.o)
 .text.libgcc.builtins
                0x0000000000001800        0x0 /usr/lib/gcc/avr/4.9.2/avr51/libgcc.a(_divmodsi4.o)
 .text.libgcc.fmul
                0x0000000000001800        0x0 /usr/lib/gcc/avr/4.9.2/avr51/libgcc.a(_divmodsi4.o)
 .text.libgcc.fixed
                0x0000000000001800        0x0 /usr/lib/gcc/avr/4.9.2/avr51/libgcc.a(_divmodsi4.o)
 .text.libgcc.mul
                0x0000000000001800        0x0 /usr/lib/gcc/avr/4.9.2/avr51/libgcc.a(_negsi2.o)
 .text.libgcc.div
                0x0000000000001800       0x10 /usr/lib/gcc/avr/4.9.2/avr51/libgcc.a(_negsi2.o)
                0x0000000000001800                __negsi2
 .text.libgcc   0x0000000000001810        0x0 /usr/lib/gcc/avr/4.9.2/avr51/libgcc.a(_negsi2.o)
 .text.libgcc.prologue
                0x0000000000001810        0x0 /usr/lib/gcc/avr/4.9.2/avr51/libgcc.a(_negsi2.o)
 .text.libgcc.builtins
                0x0000000000001810        0x0 /usr/lib/gcc/avr/4.9.2/avr51/libgcc.a(_negsi2.o)
 .text.libgcc.fmul
                0x0000000000001810        0x0 /usr/lib/gcc/avr/4.9.2/avr51/libgcc.a(_negsi2.o)
 .text.libgcc.fixed
                0x0000000000001810        0x0 /usr/lib/gcc/avr/4.9.2/avr51/libgcc.a(_negsi2.o)
 .text.libgcc.mul
                0x0000000000001810        0x0 /usr/lib/gcc/avr/4.9.2/avr51/libgcc.a(_exit.o)
 .text.libgcc.div
                0x0000000000001810        0x0 /usr/lib/gcc/avr/4.9.2/avr51/libgcc.a(_exit.o)
 .text.libgcc   0x0000000000001810        0x0 /usr/lib/gcc/avr/4.9.2/avr51/libgcc.a(_exit.o)
 .text.libgcc.prologue
                0x0000000000001810        0x0 /usr/lib/gcc/avr/4.9.2/avr51/libgcc.a(_exit.o)
 .text.libgcc.builtins
                0x0000000000001810        0x0 /usr/lib/gcc/avr/4.9.2/avr51/libgcc.a(_exit.o)
 .text.libgcc.fmul
                0x0000000000001810        0x0 /usr/lib/gcc/avr/4.9.2/avr51/libgcc.a(_exit.o)
 .text.libgcc.fixed
                0x0000000000001810        0x0 /usr/lib/gcc/avr/4.9.2/avr51/libgcc.a(_exit.o)
 .text.libgcc.mul
                0x0000000000001810        0x0 /usr/lib/gcc/avr/4.9.2/avr51/libgcc.a(_tablejump2.o)
 .text.libgcc.div
                0x0000000000001810        0x0 /usr/lib/gcc/avr/4.9.2/avr51/libgcc.a(_tablejump2.o)
 .text.libgcc   0x0000000000001810       0x12 /usr/lib/gcc/avr/4.9.2/avr51/libgcc.a(_tablejump2.o)
                0x0000000000001810                __tablejump2__
 .text.libgcc.prologue
                0x0000000000001822        0x0 /usr/lib/gcc/avr/4.9.2/avr51/libgcc.a(_tablejump2.o)
 .text.libgcc.builtins
                0x0000000000001822        0x0 /usr/lib/gcc/avr/4.9.2/avr51/libgcc.a(_tablejump2.o)
 .text.libgcc.fmul
                0x0000000000001822        0x0 /usr/lib/gcc/avr/4.9.2/avr51/libgcc.a(_tablejump2.o)
 .text.libgcc.fixed
                0x0000000000001822        0x0 /usr/lib/gcc/avr/4.9.2/avr51/libgcc.a(_tablejump2.o)
 .text.libgcc.mul
                0x0000000000001822        0x0 /usr/lib/gcc/avr/4.9.2/avr51/libgcc.a(_copy_data.o)
 .text.libgcc.div
                0x0000000000001822        0x0 /usr/lib/gcc/avr/4.9.2/avr51/libgcc.a(_copy_data.o)
 .text.libgcc   0x0000000000001822        0x0 /usr/lib/gcc/avr/4.9.2/avr51/libgcc.a(_copy_data.o)
 .text.libgcc.prologue
                0x0000000000001822        0x0 /usr/lib/gcc/avr/4.9.2/avr51/libgcc.a(_copy_data.o)
 .text.libgcc.builtins
                0x0000000000001822        0x0 /usr/lib/gcc/avr/4.9.2/avr51/libgcc.a(_copy_data.o)
 .text.libgcc.fmul
                0x0000000000001822        0x0 /usr/lib/gcc/avr/4.9.2/avr51/libgcc.a(_copy_data.o)
 .text.libgcc.fixed
                0x0000000000001822        0x0 /usr/lib/gcc/avr/4.9.2/avr51/libgcc.a(_copy_data.o)
 .text.libgcc.mul
                0x0000000000001822        0x0 /usr/lib/gcc/avr/4.9.2/avr51/libgcc.a(_clear_bss.o)
 .text.libgcc.div
                0x0000000000001822        0x0 /usr/lib/gcc/avr/4.9.2/avr51/libgcc.a(_clear_bss.o)
 .text.libgcc   0x0000000000001822        0x0 /usr/lib/gcc/avr/4.9.2/avr51/libgcc.a(_clear_bss.o)
 .text.libgcc.prologue
                0x0000000000001822        0x0 /usr/lib/gcc/avr/4.9.2/avr51/libgcc.a(_clear_bss.o)
 .text.libgcc.builtins
                0x0000000000001822        0x0 /usr/lib/gcc/avr/4.9.2/avr51/libgcc.a(_clear_bss.o)
 .text.libgcc.fmul
                0x0000000000001822        0x0 /usr/lib/gcc/avr/4.9.2/avr51/libgcc.a(_clear_bss.o)
 .text.libgcc.fixed
                0x0000000000001822        0x0 /usr/lib/gcc/avr/4.9.2/avr51/libgcc.a(_clear_bss.o)
 .text.libgcc.mul
                0x0000000000001822       0x1e /usr/lib/gcc/avr/4.9.2/avr51/libgcc.a(_umulhisi3.o)
                0x0000000000001822                __umulhisi3
 .text.libgcc.div
                0x0000000000001840        0x0 /usr/lib/gcc/avr/4.9.2/avr51/libgcc.a(_umulhisi3.o)
 .text.libgcc   0x0000000000001840        0x0 /usr/lib/gcc/avr/4.9.2/avr51/libgcc.a(_umulhisi3.o)
 .text.libgcc.prologue
                0x0000000000001840        0x0 /usr/lib/gcc/avr/4.9.2/avr51/libgcc.a(_umulhisi3.o)
 .text.libgcc.builtins
                0x0000000000001840        0x0 /usr/lib/gcc/avr/4.9.2/avr51/libgcc.a(_umulhisi3.o)
 .text.libgcc.fmul
                0x0000000000001840        0x0 /usr/lib/gcc/avr/4.9.2/avr51/libgcc.a(_umulhisi3.o)
 .text.libgcc.fixed
                0x0000000000001840        0x0 /usr/lib/gcc/avr/4.9.2/avr51/libgcc.a(_umulhisi3.o)
 .text.libgcc.mul
                0x0000000000001840        0x0 /usr/lib/gcc/avr/4.9.2/avr51/libgcc.a(_udivmodhi4.o)
 .text.libgcc.div
                0x0000000000001840       0x28 /usr/lib/gcc/avr/4.9.2/avr51/libgcc.a(_udivmodhi4.o)
                0x0000000000001840                __udivmodhi4
 .text.libgcc   0x0000000000001868        0x0 /usr/lib/gcc/avr/4.9.2/avr51/libgcc.a(_udivmodhi4.o)
 .text.libgcc.prologue
                0x0000000000001868        0x0 /usr/lib/gcc/avr/4.9.2/avr51/libgcc.a(_udivmodhi4.o)
 .text.libgcc.builtins
                0x0000000000001868        0x0 /usr/lib/gcc/avr/4.9.2/avr51/libgcc.a(_udivmodhi4.o)
 .text.libgcc.fmul
                0x0000000000001868        0x0 /usr/lib/gcc/avr/4.9.2/avr51/libgcc.a(_udivmodhi4.o)
 .text.libgcc.fixed
                0x0000000000001868        0x0 /usr/lib/gcc/avr/4.9.2/avr51/libgcc.a(_udivmodhi4.o)
 .text.libgcc.mul
                0x0000000000001868        0x0 /usr/lib/gcc/avr/4.9.2/avr51/libgcc.a(_udivmodsi4.o)
 .text.libgcc.div
                0x0000000000001868       0x44 /usr/lib/gcc/avr/4.9.2/avr51/libgcc.a(_udivmodsi4.o)
                0x0000000000001868                __udivmodsi4
 .text.libgcc   0x00000000000018ac        0x0 /usr/lib/gcc/avr/4.9.2/avr51/libgcc.a(_udivmodsi4.o)
 .text.libgcc.prologue
                0x00000000000018ac        0x0 /usr/lib/gcc/avr/4.9.2/avr51/libgcc.a(_udivmodsi4.o)
 .text.libgcc.builtins
                0x00000000000018ac        0x0 /usr/lib/gcc/avr/4.9.2/avr51/libgcc.a(_udivmodsi4.o)
 .text.libgcc.fmul
                0x00000000000018ac        0x0 /usr/lib/gcc/avr/4.9.2/avr51/libgcc.a(_udivmodsi4.o)
 .text.libgcc.fixed
                0x00000000000018ac        0x0 /usr/lib/gcc/avr/4.9.2/avr51/libgcc.a(_udivmodsi4.o)
 .text.avr-libc
                0x00000000000018ac       0x16 /usr/lib/gcc/avr/4.9.2/../../../avr/lib/avr51/libc.a(strcat.o)
                0x00000000000018ac                strcat
 .text.avr-libc
                0x00000000000018c2        0xe /usr/lib/gcc/avr/4.9.2/../../../avr/lib/avr51/libc.a(strcpy.o)
                0x00000000000018c2                strcpy
 .text.avr-libc
                0x00000000000018d0       0x16 /usr/lib/gcc/avr/4.9.2/../../../avr/lib/avr51/libc.a(itoa_ncheck.o)
                0x00000000000018d0                __itoa_ncheck
 .text.avr-libc
                0x00000000000018e6       0x34 /usr/lib/gcc/avr/4.9.2/../../../avr/lib/avr51/libc.a(utoa_ncheck.o)
                0x00000000000018e6                __utoa_ncheck
                0x00000000000018e8                __utoa_common
 .text.avr-libc
                0x000000000000191a       0x20 /usr/lib/gcc/avr/4.9.2/../../../avr/lib/avr51/libc.a(strrev.o)
                0x000000000000191a                strrev
                0x000000000000193a                . = ALIGN (0x2)
 *(.fini9)
 .fini9         0x000000000000193a        0x0 /usr/lib/gcc/avr/4.9.2/avr51/libgcc.a(_exit.o)
                0x000000000000193a                exit
                0x000000000000193a                _exit
 *(.fini9)
 *(.fini8)
 *(.fini8)
 *(.fini7)
 *(.fini7)
 *(.fini6)
 *(.fini6)
 *(.fini5)
 *(.fini5)
 *(.fini4)
 *(.fini4)
 *(.fini3)
 *(.fini3)
 *(.fini2)
 *(.fini2)
 *(.fini1)
 *(.fini1)
 *(.fini0)
 .fini0         0x000000000000193a        0x4 /usr/lib/gcc/avr/4.9.2/avr51/libgcc.a(_exit.o)
 *(.fini0)
                0x000000000000193e                _etext = .

.data           0x0000000000800100       0x20 load address 0x000000000000193e
                0x0000000000800100                PROVIDE (__data_start, .)
 *(.data)
 .data          0x0000000000800100        0x0 /usr/lib/gcc/avr/4.9.2/../../../avr/lib/avr51/crtatmega128.o
 .data          0x0000000000800100       0x19 lab4.o
                0x0000000000800100                portb_digit_and
                0x0000000000800105                portb_digit_or
                0x000000000080010a                dec_to_7seg
                0x0000000000800114                segment_data
 .data          0x0000000000800119        0x0 hd44780.o
 .data          0x0000000000800119        0x0 /usr/lib/gcc/avr/4.9.2/avr51/libgcc.a(_divmodhi4.o)
 .data          0x0000000000800119        0x0 /usr/lib/gcc/avr/4.9.2/avr51/libgcc.a(_divmodsi4.o)
 .data          0x0000000000800119        0x0 /usr/lib/gcc/avr/4.9.2/avr51/libgcc.a(_negsi2.o)
 .data          0x0000000000800119        0x0 /usr/lib/gcc/avr/4.9.2/avr51/libgcc.a(_exit.o)
 .data          0x0000000000800119        0x0 /usr/lib/gcc/avr/4.9.2/avr51/libgcc.a(_tablejump2.o)
 .data          0x0000000000800119        0x0 /usr/lib/gcc/avr/4.9.2/avr51/libgcc.a(_copy_data.o)
 .data          0x0000000000800119        0x0 /usr/lib/gcc/avr/4.9.2/avr51/libgcc.a(_clear_bss.o)
 .data          0x0000000000800119        0x0 /usr/lib/gcc/avr/4.9.2/avr51/libgcc.a(_umulhisi3.o)
 .data          0x0000000000800119        0x0 /usr/lib/gcc/avr/4.9.2/avr51/libgcc.a(_udivmodhi4.o)
 .data          0x0000000000800119        0x0 /usr/lib/gcc/avr/4.9.2/avr51/libgcc.a(_udivmodsi4.o)
 .data          0x0000000000800119        0x0 /usr/lib/gcc/avr/4.9.2/../../../avr/lib/avr51/libc.a(strcat.o)
 .data          0x0000000000800119        0x0 /usr/lib/gcc/avr/4.9.2/../../../avr/lib/avr51/libc.a(strcpy.o)
 .data          0x0000000000800119        0x0 /usr/lib/gcc/avr/4.9.2/../../../avr/lib/avr51/libc.a(itoa_ncheck.o)
 .data          0x0000000000800119        0x0 /usr/lib/gcc/avr/4.9.2/../../../avr/lib/avr51/libc.a(utoa_ncheck.o)
 .data          0x0000000000800119        0x0 /usr/lib/gcc/avr/4.9.2/../../../avr/lib/avr51/libc.a(strrev.o)
 *(.data*)
 *(.rodata)
 *(.rodata*)
 .rodata.str1.1
                0x0000000000800119        0x7 lab4.o
 *(.gnu.linkonce.d*)
                0x0000000000800120                . = ALIGN (0x2)
                0x0000000000800120                _edata = .
                0x0000000000800120                PROVIDE (__data_end, .)

.bss            0x0000000000800120       0x76
                0x0000000000800120                PROVIDE (__bss_start, .)
 *(.bss)
 .bss           0x0000000000800120        0x0 /usr/lib/gcc/avr/4.9.2/../../../avr/lib/avr51/crtatmega128.o
 .bss           0x0000000000800120       0x1f lab4.o
                0x0000000000800120                alarm_on
                0x0000000000800121                snooze_check
                0x0000000000800122                snooze_flag
                0x0000000000800123                snooze_counter
                0x0000000000800124                beat_counter
                0x0000000000800125                alarm_minutes
                0x0000000000800126                alarm_hours
                0x0000000000800127                alarm_set
                0x0000000000800128                hours
                0x0000000000800129                minutes
                0x000000000080012a                update_LED
                0x000000000080012b                sec
                0x000000000080012c                to_ovf_count
                0x000000000080012d                disp_num
 .bss           0x000000000080013f        0x1 hd44780.o
 .bss           0x0000000000800140        0x0 /usr/lib/gcc/avr/4.9.2/avr51/libgcc.a(_divmodhi4.o)
 .bss           0x0000000000800140        0x0 /usr/lib/gcc/avr/4.9.2/avr51/libgcc.a(_divmodsi4.o)
 .bss           0x0000000000800140        0x0 /usr/lib/gcc/avr/4.9.2/avr51/libgcc.a(_negsi2.o)
 .bss           0x0000000000800140        0x0 /usr/lib/gcc/avr/4.9.2/avr51/libgcc.a(_exit.o)
 .bss           0x0000000000800140        0x0 /usr/lib/gcc/avr/4.9.2/avr51/libgcc.a(_tablejump2.o)
 .bss           0x0000000000800140        0x0 /usr/lib/gcc/avr/4.9.2/avr51/libgcc.a(_copy_data.o)
 .bss           0x0000000000800140        0x0 /usr/lib/gcc/avr/4.9.2/avr51/libgcc.a(_clear_bss.o)
 .bss           0x0000000000800140        0x0 /usr/lib/gcc/avr/4.9.2/avr51/libgcc.a(_umulhisi3.o)
 .bss           0x0000000000800140        0x0 /usr/lib/gcc/avr/4.9.2/avr51/libgcc.a(_udivmodhi4.o)
 .bss           0x0000000000800140        0x0 /usr/lib/gcc/avr/4.9.2/avr51/libgcc.a(_udivmodsi4.o)
 .bss           0x0000000000800140        0x0 /usr/lib/gcc/avr/4.9.2/../../../avr/lib/avr51/libc.a(strcat.o)
 .bss           0x0000000000800140        0x0 /usr/lib/gcc/avr/4.9.2/../../../avr/lib/avr51/libc.a(strcpy.o)
 .bss           0x0000000000800140        0x0 /usr/lib/gcc/avr/4.9.2/../../../avr/lib/avr51/libc.a(itoa_ncheck.o)
 .bss           0x0000000000800140        0x0 /usr/lib/gcc/avr/4.9.2/../../../avr/lib/avr51/libc.a(utoa_ncheck.o)
 .bss           0x0000000000800140        0x0 /usr/lib/gcc/avr/4.9.2/../../../avr/lib/avr51/libc.a(strrev.o)
 *(.bss*)
 *(COMMON)
 COMMON         0x0000000000800140       0x46 lab4.o
                0x0000000000800140                notes
                0x0000000000800141                song
                0x0000000000800142                lcd_string_array
                0x0000000000800162                max_beat
                0x0000000000800164                beat
                0x0000000000800166                lcd_str_hour
                0x0000000000800176                lcd_str_minutes
 COMMON         0x0000000000800186       0x10 hd44780.o
                0x0000000000800186                lcd_str
                0x0000000000800196                PROVIDE (__bss_end, .)
                0x000000000000193e                __data_load_start = LOADADDR (.data)
                0x000000000000195e                __data_load_end = (__data_load_start + SIZEOF (.data))

.noinit         0x0000000000800196        0x0
                0x0000000000800196                PROVIDE (__noinit_start, .)
 *(.noinit*)
                0x0000000000800196                PROVIDE (__noinit_end, .)
                0x0000000000800196                _end = .
                0x0000000000800196                PROVIDE (__heap_start, .)

.eeprom         0x0000000000810000        0x0
 *(.eeprom*)
                0x0000000000810000                __eeprom_end = .

.fuse
 *(.fuse)
 *(.lfuse)
 *(.hfuse)
 *(.efuse)

.lock
 *(.lock*)

.signature
 *(.signature*)

.user_signatures
 *(.user_signatures*)

.stab           0x0000000000000000     0x33b4
 *(.stab)
 .stab          0x0000000000000000     0x2220 lab4.o
 .stab          0x0000000000002220     0x1194 hd44780.o
                                       0x13c8 (size before relaxing)

.stabstr        0x0000000000000000     0x14c1
 *(.stabstr)
 .stabstr       0x0000000000000000     0x14c1 lab4.o

.stab.excl
 *(.stab.excl)

.stab.exclstr
 *(.stab.exclstr)

.stab.index
 *(.stab.index)

.stab.indexstr
 *(.stab.indexstr)

.comment        0x0000000000000000       0x11
 *(.comment)
 .comment       0x0000000000000000       0x11 lab4.o
                                         0x12 (size before relaxing)
 .comment       0x0000000000000011       0x12 hd44780.o

.note.gnu.avr.deviceinfo
                0x0000000000000000       0x3c
 .note.gnu.avr.deviceinfo
                0x0000000000000000       0x3c /usr/lib/gcc/avr/4.9.2/../../../avr/lib/avr51/crtatmega128.o

.note.gnu.build-id
 *(.note.gnu.build-id)

.debug
 *(.debug)

.line
 *(.line)

.debug_srcinfo
 *(.debug_srcinfo)

.debug_sfnames
 *(.debug_sfnames)

.debug_aranges
 *(.debug_aranges)

.debug_pubnames
 *(.debug_pubnames)

.debug_info
 *(.debug_info .gnu.linkonce.wi.*)

.debug_abbrev
 *(.debug_abbrev)

.debug_line
 *(.debug_line .debug_line.* .debug_line_end)

.debug_frame
 *(.debug_frame)

.debug_str
 *(.debug_str)

.debug_loc
 *(.debug_loc)

.debug_macinfo
 *(.debug_macinfo)

.debug_weaknames
 *(.debug_weaknames)

.debug_funcnames
 *(.debug_funcnames)

.debug_typenames
 *(.debug_typenames)

.debug_varnames
 *(.debug_varnames)

.debug_pubtypes
 *(.debug_pubtypes)

.debug_ranges
 *(.debug_ranges)

.debug_macro
 *(.debug_macro)
OUTPUT(lab4.elf elf32-avr)
LOAD linker stubs
